A51 MACRO ASSEMBLER  ASM_7_SEG                                                            05/06/2013 18:25:52 PAGE     1


MACRO ASSEMBLER A51 V8.02
OBJECT MODULE PLACED IN asm_7_seg.OBJ
ASSEMBLER INVOKED BY: C:\Keil\C51\BIN\A51.EXE asm_7_seg.asm SET(SMALL) DEBUG EP

LOC  OBJ            LINE     SOURCE

  00B0                 1     P3_0 BIT 0xB0
                       2     
0000                   3     org 0x00
0000 0130              4     ajmp main
                       5     
0030                   6     org 0x30
0030                   7     main:
0030 7400              8             mov A,#0
                       9             
0032                  10             main_loop:
0032 30B004           11             JNB P3_0,tang
                      12             ;mov P1,A
0035 1144             13             acall hienthi
0037 80F9             14             sjmp main_loop
0039                  15             tang:
0039 04               16                     INC A
003A 30B0FD           17                     check: JNB P3_0,check ;chong rung phim
                      18                     
003D B40AF2           19                     CJNE A,#10,main_loop ; reset so dem ve 0
0040 7400             20                     mov A,#0
0042 80EE             21             sjmp main_loop
                      22     
0044                  23     hienthi:
0044 B40005           24         CJNE A,#0,so_1
0047 75A040           25         MOV P2,#0x40
004A 0192             26         AJMP ket_thuc
004C                  27         so_1:
004C B40105           28         CJNE A,#1,so_2
004F 75A079           29         MOV P2,#0x79
0052 0192             30         AJMP ket_thuc
0054                  31         so_2:
0054 B40205           32         CJNE A,#2,so_3
0057 75A024           33         MOV P2,#0x24
005A 0192             34         AJMP ket_thuc
005C                  35         so_3:
005C B40305           36         CJNE A,#3,so_4
005F 75A030           37         MOV P2,#0x30
0062 0192             38         AJMP ket_thuc
0064                  39         so_4:
0064 B40405           40         CJNE A,#4,so_5
0067 75A019           41         MOV P2,#0x19
006A 0192             42         AJMP ket_thuc
006C                  43         so_5:
006C B40505           44         CJNE A,#5,so_6
006F 75A012           45         MOV P2,#0x12
0072 0192             46         AJMP ket_thuc
0074                  47         so_6:
0074 B40605           48         CJNE A,#6,so_7
0077 75A002           49         MOV P2,#0x02
007A 0192             50         AJMP ket_thuc
007C                  51         so_7:
007C B40705           52         CJNE A,#7,so_8
007F 75A078           53         MOV P2,#0x78
0082 0192             54         AJMP ket_thuc
0084                  55         so_8:
0084 B40805           56         CJNE A,#8,so_9
0087 75A000           57         MOV P2,#0x00
008A 0192             58         AJMP ket_thuc
A51 MACRO ASSEMBLER  ASM_7_SEG                                                            05/06/2013 18:25:52 PAGE     2

008C                  59         so_9:
008C B40903           60         CJNE A,#9,ket_thuc
008F 75A010           61         MOV P2,#0x10
0092                  62         ket_thuc:
0092 22               63     RET
                      64     
                      65     end  
A51 MACRO ASSEMBLER  ASM_7_SEG                                                            05/06/2013 18:25:52 PAGE     3

SYMBOL TABLE LISTING
------ ----- -------


N A M E             T Y P E  V A L U E   ATTRIBUTES

CHECK. . . . . . .  C ADDR   003AH   A   
HIENTHI. . . . . .  C ADDR   0044H   A   
KET_THUC . . . . .  C ADDR   0092H   A   
MAIN . . . . . . .  C ADDR   0030H   A   
MAIN_LOOP. . . . .  C ADDR   0032H   A   
P2 . . . . . . . .  D ADDR   00A0H   A   
P3_0 . . . . . . .  B ADDR   00B0H.0 A   
SO_1 . . . . . . .  C ADDR   004CH   A   
SO_2 . . . . . . .  C ADDR   0054H   A   
SO_3 . . . . . . .  C ADDR   005CH   A   
SO_4 . . . . . . .  C ADDR   0064H   A   
SO_5 . . . . . . .  C ADDR   006CH   A   
SO_6 . . . . . . .  C ADDR   0074H   A   
SO_7 . . . . . . .  C ADDR   007CH   A   
SO_8 . . . . . . .  C ADDR   0084H   A   
SO_9 . . . . . . .  C ADDR   008CH   A   
TANG . . . . . . .  C ADDR   0039H   A   


REGISTER BANK(S) USED: 0 


ASSEMBLY COMPLETE.  0 WARNING(S), 0 ERROR(S)
