C51 COMPILER V9.01   LCD                                                                   12/08/2020 23:37:30 PAGE 1   


C51 COMPILER V9.01, COMPILATION OF MODULE LCD
OBJECT MODULE PLACED IN .\LCD.obj
COMPILER INVOKED BY: C:\Keil_v5\C51\BIN\C51.EXE ..\..\LCD.c BROWSE DEBUG OBJECTEXTEND PRINT(.\LCD.lst) OBJECT(.\LCD.obj)

line level    source

   1          #include <REGX51.H>
   2          
   3          #define LCD_RS P2_0
   4          #define LCD_RW P2_1
   5          #define LCD_EN P2_2
   6          #define LCD_D0 P3_0
   7          #define LCD_D1 P3_1
   8          #define LCD_D2 P3_2
   9          #define LCD_D3 P3_3
  10          #define LCD_D4 P3_4
  11          #define LCD_D5 P3_5
  12          #define LCD_D6 P3_6
  13          #define LCD_D7 P3_7
  14          
  15          void delay_us (unsigned int t){
  16   1              unsigned int i;
  17   1              for (i=0;i<t;i++);
  18   1      }
  19          
  20          void delay_ms(unsigned int t){
  21   1              unsigned int i,j;
  22   1              for (i=0;i<t;i++)
  23   1              for (j=0;j<125;j++);
  24   1      }
  25          
  26          void delay (long time){
  27   1              while (time--);
  28   1      }
  29          
  30          /********chuong trinh giao tiep LCD 16x2 8bit**********/
  31          void LCD_Enable (void){
  32   1              LCD_EN = 1;
  33   1              delay_us(3);
  34   1              LCD_En = 0;
*** ERROR C202 IN LINE 34 OF ..\..\LCD.C: 'LCD_En': undefined identifier
  35   1              delay_us(50);
  36   1      }
  37          
  38          //ham gui 8 bit du lieu ra LCD
  39          void LCD_Send4Bit (unsigned char Data){
  40   1              LCD_D0 = Data & 0x01;
  41   1              LCD_D1 = (Data>>1)&1;
  42   1              LCD_D2 = (Data>>2)&1;
  43   1              LCD_D3 = (Data>>3)&1;
  44   1              LCD_D4 = (Data>>4)&1;
  45   1              LCD_D5 = (Data>>5)&1;
  46   1              LCD_D6 = (Data>>6)&1;
  47   1              LCD_D7 = (Data>>7)&1;
  48   1      }
  49          
  50          //Ham gui 1 tap lenh cho LCD
  51          void LCD_SendCommand(unsigned char command){
  52   1              LCD_Send8Bit(command >>8);/* Gui 8 bit cao */
  53   1              LCD_Enable();
  54   1              LCD_Send8Bit(command);/* Gui 8 bit thap */
C51 COMPILER V9.01   LCD                                                                   12/08/2020 23:37:30 PAGE 2   

  55   1              LCD_Enable();
  56   1      }
  57          
  58          //Ham xoa man hinh LCD//
  59          void LCD_Clear(){
  60   1              LCD_SendCommand(0x01);
  61   1              delay_us(10);
  62   1      }
  63          
  64          //Ham khoi tao LCD
  65          void LCD_Init(){
  66   1              LCD_Send8Bit(0x00);    //turn on LCD
  67   1              delay(20);
  68   1              LCD_RS = 0;
  69   1              LCD_RW = 0;
  70   1              LCD_Send8Bit(0x03);    //function setting//
  71   1              LCD_Enable();
  72   1          delay_ms(5);
  73   1          LCD_Enable();
  74   1          delay_us(100);
  75   1          LCD_Enable();
  76   1          LCD_Send8Bit(0x02);   //di chuyen con tro ve dau man hnh
  77   1          LCD_Enable();
  78   1          LCD_SendCommand( 0x38 ); //lua chon che do 8 bit
  79   1          LCD_SendCommand( 0x0c);  // bat hien thi va tat con tro di
  80   1          LCD_SendCommand( 0x06 );
  81   1          LCD_SendCommand(0x01);
  82   1      }
  83          void LCD_Gotoxy(unsigned char x, unsigned char y){
  84   1              unsigned char address;
  85   1              if(!y)address=(0x80+x);
  86   1              else address=(0xc0+x);
  87   1              delay_us(1000);
  88   1              LCD_SendCommand(address);
  89   1              delay_us(50);
  90   1      }
  91          void LCD_PutChar(unsigned char Data){
  92   1              LCD_RS=1;
  93   1              LCD_SendCommand(Data);
  94   1              LCD_RS=0 ;
  95   1      }
  96          void LCD_Puts(char *s){
  97   1              while (*s){
  98   2                      LCD_PutChar(*s);
  99   2                      s++;
 100   2              }
 101   1      }
 102          
 103          void main(){
 104   1              LCD_Init();
 105   1              delay_ms(20);
 106   1              LCD_Puts(" Hello");
 107   1              delay_ms(1000);
 108   1              LCD_Clear();
 109   1              LCD_Gotoxy(0,0);
 110   1              LCD_Puts(" dientu360.com");
 111   1              delay_ms(1000);
 112   1              LCD_Gotoxy(0,1);
 113   1              LCD_Puts(" tuhoc360.net");
 114   1              //LCD_Puts(" Cerato Forte");
 115   1              while(1){};
 116   1      }
C51 COMPILER V9.01   LCD                                                                   12/08/2020 23:37:30 PAGE 3   

 117          }

C51 COMPILATION COMPLETE.  0 WARNING(S),  1 ERROR(S)
